[live.themewild.com/medion/index.html]
[backblue.gif]
[fade.gif]
[index.html]
[live.themewild.com/medion/assets/img/logo/favicon.png]
[live.themewild.com/medion/assets/css/bootstrap.min.css]
[live.themewild.com/medion/assets/css/all-fontawesome.min.css]
[live.themewild.com/medion/assets/css/animate.min.css]
[live.themewild.com/medion/assets/css/magnific-popup.min.css]
[live.themewild.com/medion/assets/css/owl.carousel.min.css]
[live.themewild.com/medion/assets/css/jquery-ui.min.css]
[live.themewild.com/medion/assets/css/nice-select.min.css]
[live.themewild.com/medion/assets/css/style.css]
[live.themewild.com/medion/assets/img/logo/logo.png]
[live.themewild.com/medion/wishlist.html]
[live.themewild.com/medion/shop-cart.html]
[live.themewild.com/medion/index-2.html]
[live.themewild.com/medion/index-3.html]
[live.themewild.com/medion/about.html]
[live.themewild.com/medion/brand.html]
[live.themewild.com/medion/category.html]
[live.themewild.com/medion/category-2.html]
[live.themewild.com/medion/login.html]
[live.themewild.com/medion/register.html]
[live.themewild.com/medion/forgot-password.html]
[live.themewild.com/medion/coming-soon.html]
[live.themewild.com/medion/return.html]
[live.themewild.com/medion/terms.html]
[live.themewild.com/medion/privacy.html]
[live.themewild.com/medion/mail-success.html]
[live.themewild.com/medion/team.html]
[live.themewild.com/medion/affiliate.html]
[live.themewild.com/medion/gallery.html]
[live.themewild.com/medion/contact.html]
[live.themewild.com/medion/help.html]
[live.themewild.com/medion/invoice.html]
[live.themewild.com/medion/faq.html]
[live.themewild.com/medion/testimonial.html]
[live.themewild.com/medion/404.html]
[live.themewild.com/medion/user-dashboard.html]
[live.themewild.com/medion/user-profile.html]
[live.themewild.com/medion/order-list.html]
[live.themewild.com/medion/order-detail.html]
[live.themewild.com/medion/address-list.html]
[live.themewild.com/medion/add-address.html]
[live.themewild.com/medion/support-ticket.html]
[live.themewild.com/medion/ticket-detail.html]
[live.themewild.com/medion/track-order.html]
[live.themewild.com/medion/payment-method.html]
[live.themewild.com/medion/add-payment.html]
[live.themewild.com/medion/user-notification.html]
[live.themewild.com/medion/user-message.html]
[live.themewild.com/medion/user-setting.html]
[live.themewild.com/medion/shop-grid.html]
[live.themewild.com/medion/assets/img/banner/mega-menu-banner.jpg]
[live.themewild.com/medion/shop-grid-2.html]
[live.themewild.com/medion/shop-list.html]
[live.themewild.com/medion/shop-list-2.html]
[live.themewild.com/medion/shop-search.html]
[live.themewild.com/medion/shop-checkout.html]
[live.themewild.com/medion/shop-checkout-complete.html]
[live.themewild.com/medion/shop-single.html]
[live.themewild.com/medion/shop-compare.html]
[live.themewild.com/medion/blog-grid.html]
[live.themewild.com/medion/blog-grid-sidebar.html]
[live.themewild.com/medion/blog-single.html]
[live.themewild.com/medion/blog-single-sidebar.html]
[live.themewild.com/medion/assets/img/hero/bg.png]
[live.themewild.com/medion/assets/img/hero/hero-1.png]
[live.themewild.com/medion/assets/img/icon/delivery.svg]
[live.themewild.com/medion/assets/img/icon/medicine.svg]
[live.themewild.com/medion/assets/img/icon/health-care.svg]
[live.themewild.com/medion/assets/img/icon/beauty-care.svg]
[live.themewild.com/medion/assets/img/icon/sexual.svg]
[live.themewild.com/medion/assets/img/icon/fitness.svg]
[live.themewild.com/medion/assets/img/icon/lab-test.svg]
[live.themewild.com/medion/assets/img/icon/baby-mom-care.svg]
[live.themewild.com/medion/assets/img/icon/supplements.svg]
[live.themewild.com/medion/assets/img/icon/food-nutrition.svg]
[live.themewild.com/medion/assets/img/icon/medical-equipements.svg]
[live.themewild.com/medion/assets/img/icon/medical-supplies.svg]
[live.themewild.com/medion/assets/img/icon/pet-care.svg]
[live.themewild.com/medion/assets/img/banner/mini-banner-1.jpg]
[live.themewild.com/medion/assets/img/banner/mini-banner-2.jpg]
[live.themewild.com/medion/assets/img/banner/mini-banner-3.jpg]
[live.themewild.com/medion/assets/img/product/01.png]
[live.themewild.com/medion/assets/img/product/02.png]
[live.themewild.com/medion/assets/img/product/03.png]
[live.themewild.com/medion/assets/img/product/04.png]
[live.themewild.com/medion/assets/img/product/05.png]
[live.themewild.com/medion/assets/img/product/06.png]
[live.themewild.com/medion/assets/img/product/14.png]
[live.themewild.com/medion/assets/img/product/07.png]
[live.themewild.com/medion/assets/img/product/24.png]
[live.themewild.com/medion/assets/img/product/15.png]
[live.themewild.com/medion/assets/img/product/10.png]
[live.themewild.com/medion/assets/img/product/11.png]
[live.themewild.com/medion/assets/img/product/12.png]
[live.themewild.com/medion/assets/img/product/13.png]
[live.themewild.com/medion/assets/img/product/17.png]
[live.themewild.com/medion/assets/img/product/18.png]
[live.themewild.com/medion/assets/img/product/19.png]
[live.themewild.com/medion/assets/img/product/20.png]
[live.themewild.com/medion/assets/img/product/22.png]
[live.themewild.com/medion/assets/img/product/23.png]
[live.themewild.com/medion/assets/img/product/25.png]
[live.themewild.com/medion/assets/img/product/30.png]
[live.themewild.com/medion/assets/img/product/31.png]
[live.themewild.com/medion/assets/img/product/32.png]
[live.themewild.com/medion/assets/img/product/33.png]
[live.themewild.com/medion/assets/img/product/34.png]
[live.themewild.com/medion/assets/img/product/35.png]
[live.themewild.com/medion/assets/img/product/36.png]
[live.themewild.com/medion/assets/img/product/37.png]
[live.themewild.com/medion/assets/img/banner/product-banner.jpg]
[live.themewild.com/medion/assets/img/banner/big-banner.jpg]
[live.themewild.com/medion/assets/img/brand/01.png]
[live.themewild.com/medion/assets/img/brand/02.png]
[live.themewild.com/medion/assets/img/brand/03.png]
[live.themewild.com/medion/assets/img/brand/04.png]
[live.themewild.com/medion/assets/img/brand/05.png]
[live.themewild.com/medion/assets/img/brand/06.png]
[live.themewild.com/medion/assets/img/video/01.jpg]
[live.themewild.com/medion/assets/img/product/08.png]
[live.themewild.com/medion/assets/img/product/09.png]
[live.themewild.com/medion/assets/img/deal/01.png]
[live.themewild.com/medion/assets/img/deal/02.png]
[live.themewild.com/medion/assets/img/deal/03.png]
[live.themewild.com/medion/assets/img/about/01.jpg]
[live.themewild.com/medion/assets/img/about/02.jpg]
[live.themewild.com/medion/assets/img/icon/experience.svg]
[live.themewild.com/medion/assets/img/shape/01.png]
[live.themewild.com/medion/assets/img/choose/01.jpg]
[live.themewild.com/medion/assets/img/icon/warranty.svg]
[live.themewild.com/medion/assets/img/icon/price.svg]
[live.themewild.com/medion/assets/img/gallery/01.jpg]
[live.themewild.com/medion/assets/img/gallery/02.jpg]
[live.themewild.com/medion/assets/img/gallery/03.jpg]
[live.themewild.com/medion/assets/img/gallery/04.jpg]
[live.themewild.com/medion/assets/img/gallery/05.jpg]
[live.themewild.com/medion/assets/img/gallery/06.jpg]
[live.themewild.com/medion/assets/img/testimonial/01.jpg]
[live.themewild.com/medion/assets/img/icon/quote.svg]
[live.themewild.com/medion/assets/img/testimonial/02.jpg]
[live.themewild.com/medion/assets/img/testimonial/03.jpg]
[live.themewild.com/medion/assets/img/testimonial/04.jpg]
[live.themewild.com/medion/assets/img/testimonial/05.jpg]
[live.themewild.com/medion/assets/img/blog/01.jpg]
[live.themewild.com/medion/assets/img/blog/02.jpg]
[live.themewild.com/medion/assets/img/blog/03.jpg]
[live.themewild.com/medion/assets/img/instagram/01.jpg]
[live.themewild.com/medion/assets/img/instagram/02.jpg]
[live.themewild.com/medion/assets/img/instagram/03.jpg]
[live.themewild.com/medion/assets/img/instagram/04.jpg]
[live.themewild.com/medion/assets/img/instagram/05.jpg]
[live.themewild.com/medion/assets/img/instagram/06.jpg]
[live.themewild.com/medion/assets/img/instagram/07.jpg]
[live.themewild.com/medion/assets/img/logo/logo-light.png]
[live.themewild.com/medion/blog.html]
[live.themewild.com/medion/assets/img/payment/visa.svg]
[live.themewild.com/medion/assets/img/payment/mastercard.svg]
[live.themewild.com/medion/assets/img/payment/amex.svg]
[live.themewild.com/medion/assets/img/payment/discover.svg]
[live.themewild.com/medion/assets/img/payment/paypal.svg]
[live.themewild.com/cdn-cgi/scripts/5c5dd728/cloudflare-static/email-decode.min.js]
[live.themewild.com/medion/assets/js/jquery-3.7.1.min.js]
[live.themewild.com/medion/assets/js/modernizr.min.js]
[live.themewild.com/medion/assets/js/bootstrap.bundle.min.js]
[live.themewild.com/medion/assets/js/imagesloaded.pkgd.min.js]
[live.themewild.com/medion/assets/js/jquery.magnific-popup.min.js]
[live.themewild.com/medion/assets/js/isotope.pkgd.min.js]
[live.themewild.com/medion/assets/js/jquery.appear.min.js]
[live.themewild.com/medion/assets/js/jquery.easing.min.js]
[live.themewild.com/medion/assets/js/owl.carousel.min.js]
[live.themewild.com/medion/assets/js/counter-up.js]
[live.themewild.com/medion/assets/js/jquery-ui.min.js]
[live.themewild.com/medion/assets/js/jquery.nice-select.min.js]
[live.themewild.com/medion/assets/js/countdown.min.js]
[live.themewild.com/medion/assets/js/wow.min.js]
[live.themewild.com/medion/index.html]
[live.themewild.com/medion/assets/css/bootstrap.min.css]
[live.themewild.com/medion/assets/js/main.js]
[live.themewild.com/medion/assets/fonts/fa-brands-400.woff2]
[live.themewild.com/medion/assets/fonts/fa-brands-400.ttf]
[live.themewild.com/medion/assets/fonts/fa-duotone-900.woff2]
[live.themewild.com/medion/assets/fonts/fa-duotone-900.ttf]
[live.themewild.com/medion/assets/fonts/fa-light-300.ttf]
[live.themewild.com/medion/assets/fonts/fa-regular-400.woff2]
[live.themewild.com/medion/assets/fonts/fa-regular-400.ttf]
[live.themewild.com/medion/assets/fonts/fa-solid-900.woff2]
[live.themewild.com/medion/assets/fonts/fa-solid-900.ttf]
[live.themewild.com/medion/assets/fonts/fa-thin-100.woff2]
[live.themewild.com/medion/assets/fonts/fa-thin-100.ttf]
[live.themewild.com/medion/assets/fonts/fa-v4compatibility.woff2]
[live.themewild.com/medion/assets/css/all-fontawesome.min.css]
[live.themewild.com/medion/assets/css/animate.min.css]
[live.themewild.com/medion/assets/css/magnific-popup.min.css]
[live.themewild.com/medion/assets/fonts/fa-v4compatibility.ttf]
[live.themewild.com/medion/assets/css/owl.video.play.png]
[live.themewild.com/medion/assets/css/owl.carousel.min.css]
[live.themewild.com/medion/assets/css/images/ui-icons_444444_256x240.png]
[live.themewild.com/medion/assets/css/images/ui-icons_555555_256x240.png]
[live.themewild.com/medion/assets/css/images/ui-icons_ffffff_256x240.png]
[live.themewild.com/medion/assets/css/images/ui-icons_777620_256x240.png]
[live.themewild.com/medion/assets/css/images/ui-icons_cc0000_256x240.png]
[live.themewild.com/medion/assets/css/images/ui-icons_777777_256x240.png]
[live.themewild.com/medion/assets/css/jquery-ui.min.css]
[live.themewild.com/medion/assets/css/nice-select.min.css]
[live.themewild.com/medion/assets/img/shape/03.png]
[live.themewild.com/medion/assets/img/newsletter/01.jpg]
[live.themewild.com/medion/assets/img/shape/02.png]
[live.themewild.com/medion/assets/css/style.css]
[live.themewild.com/medion/assets/img/banner/category-banner.jpg]
[live.themewild.com/medion/assets/img/breadcrumb/01.jpg]
[live.themewild.com/medion/assets/img/account/03.jpg]
[live.themewild.com/medion/assets/img/product/26.png]
[live.themewild.com/medion/assets/img/product/27.png]
[live.themewild.com/medion/wishlist.html]
[live.themewild.com/medion/shop-cart.html]
[live.themewild.com/medion/assets/img/hero/01.png]
[live.themewild.com/medion/assets/img/hero/02.png]
[live.themewild.com/medion/assets/img/hero/03.png]
[live.themewild.com/medion/index-2.html]
[live.themewild.com/medion/assets/img/hero/slider-1.jpg]
[live.themewild.com/medion/assets/img/hero/slider-2.jpg]
[live.themewild.com/medion/assets/img/hero/slider-3.jpg]
[live.themewild.com/medion/assets/img/banner/popup-banner.jpg]
[live.themewild.com/medion/index-3.html]
[live.themewild.com/medion/assets/img/icon/sale.svg]
[live.themewild.com/medion/assets/img/icon/rate.svg]
[live.themewild.com/medion/assets/img/icon/employee.svg]
[live.themewild.com/medion/assets/img/icon/award.svg]
[live.themewild.com/medion/assets/img/team/01.jpg]
[live.themewild.com/medion/assets/img/team/02.jpg]
[live.themewild.com/medion/assets/img/team/03.jpg]
[live.themewild.com/medion/assets/img/team/04.jpg]
[live.themewild.com/medion/about.html]
[live.themewild.com/medion/brand.html]
[live.themewild.com/medion/category.html]
[live.themewild.com/medion/category-2.html]
[live.themewild.com/medion/login.html]
[live.themewild.com/medion/register.html]
[live.themewild.com/medion/forgot-password.html]
[live.themewild.com/medion/assets/img/coming-soon/01.jpg]
[live.themewild.com/medion/coming-soon.html]
[live.themewild.com/medion/return.html]
[live.themewild.com/medion/terms.html]
[live.themewild.com/medion/privacy.html]
[live.themewild.com/medion/mail-success.html]
[live.themewild.com/medion/team.html]
[live.themewild.com/medion/assets/img/affiliate/01.jpg]
[live.themewild.com/medion/assets/img/icon/account.svg]
[live.themewild.com/medion/assets/img/icon/promote.svg]
[live.themewild.com/medion/affiliate.html]
[live.themewild.com/medion/gallery.html]
[live.themewild.com/medion/assets/img/icon/payout.svg]
[live.themewild.com/medion/contact.html]
[live.themewild.com/medion/help.html]
[live.themewild.com/medion/invoice.html]
[live.themewild.com/medion/faq.html]
[live.themewild.com/medion/testimonial.html]
[live.themewild.com/medion/assets/js/contact-form.js]
[live.themewild.com/medion/assets/img/error/01.png]
[live.themewild.com/medion/404.html]
[live.themewild.com/medion/user-dashboard.html]
[live.themewild.com/medion/user-profile.html]
[live.themewild.com/medion/order-list.html]
[live.themewild.com/medion/order-detail.html]
[live.themewild.com/medion/address-list.html]
[live.themewild.com/medion/add-address.html]
[live.themewild.com/medion/support-ticket.html]
[live.themewild.com/medion/assets/img/account/01.jpg]
[live.themewild.com/medion/assets/img/account/02.jpg]
[live.themewild.com/medion/ticket-detail.html]
[live.themewild.com/medion/track-order.html]
[live.themewild.com/medion/payment-method.html]
[live.themewild.com/medion/add-payment.html]
[live.themewild.com/medion/user-notification.html]
[live.themewild.com/medion/assets/img/account/04.jpg]
[live.themewild.com/medion/assets/img/account/05.jpg]
[live.themewild.com/medion/user-message.html]
[live.themewild.com/medion/user-setting.html]
[live.themewild.com/medion/assets/img/banner/shop-banner.jpg]
[live.themewild.com/medion/assets/img/product/16.png]
[live.themewild.com/medion/assets/img/product/21.png]
[live.themewild.com/medion/shop-grid.html]
[live.themewild.com/medion/shop-grid-2.html]
[live.themewild.com/medion/shop-list.html]
[live.themewild.com/medion/shop-list-2.html]
[live.themewild.com/medion/shop-search.html]
[live.themewild.com/medion/assets/img/payment/paypal-2.svg]
[live.themewild.com/medion/assets/img/payment/payoneer.svg]
[live.themewild.com/medion/shop-checkout.html]
[live.themewild.com/medion/shop-checkout-complete.html]
[live.themewild.com/medion/assets/img/payment/cod-3.svg]
[live.themewild.com/medion/assets/css/flex-slider.min.css]
[live.themewild.com/medion/assets/img/blog/com-1.jpg]
[live.themewild.com/medion/assets/img/blog/com-2.jpg]
[live.themewild.com/medion/assets/img/blog/com-3.jpg]
[live.themewild.com/medion/shop-single.html]
[live.themewild.com/medion/shop-compare.html]
[live.themewild.com/medion/blog-grid.html]
[live.themewild.com/medion/assets/js/flex-slider.js]
[live.themewild.com/medion/assets/img/blog/bs-1.jpg]
[live.themewild.com/medion/assets/img/blog/bs-2.jpg]
[live.themewild.com/medion/assets/img/blog/bs-3.jpg]
[live.themewild.com/medion/blog-grid-sidebar.html]
[live.themewild.com/medion/assets/img/blog/single.jpg]
[live.themewild.com/medion/assets/img/blog/author.jpg]
[live.themewild.com/medion/blog-single.html]
[live.themewild.com/medion/blog-single-sidebar.html]
[live.themewild.com/medion/assets/img/icon/delivery.svg]
[live.themewild.com/medion/assets/img/icon/medicine.svg]
[live.themewild.com/medion/assets/img/icon/health-care.svg]
[live.themewild.com/medion/assets/img/icon/beauty-care.svg]
[live.themewild.com/medion/assets/img/icon/sexual.svg]
[live.themewild.com/medion/assets/img/icon/fitness.svg]
[live.themewild.com/medion/assets/img/icon/lab-test.svg]
[live.themewild.com/medion/assets/img/icon/baby-mom-care.svg]
[live.themewild.com/medion/assets/img/icon/supplements.svg]
[live.themewild.com/medion/assets/img/icon/food-nutrition.svg]
[live.themewild.com/medion/assets/img/icon/medical-equipements.svg]
[live.themewild.com/medion/assets/img/icon/medical-supplies.svg]
[live.themewild.com/medion/assets/img/icon/pet-care.svg]
[live.themewild.com/medion/assets/img/icon/experience.svg]
[live.themewild.com/medion/assets/img/icon/warranty.svg]
[live.themewild.com/medion/assets/img/icon/price.svg]
[live.themewild.com/medion/assets/img/icon/quote.svg]
[live.themewild.com/medion/blog.html]
[live.themewild.com/medion/assets/img/payment/visa.svg]
[live.themewild.com/medion/assets/img/payment/mastercard.svg]
[live.themewild.com/medion/assets/img/payment/amex.svg]
[live.themewild.com/medion/assets/img/payment/discover.svg]
[live.themewild.com/medion/assets/img/payment/paypal.svg]
[live.themewild.com/medion/assets/css/owl.video.play.html]
[live.themewild.com/medion/assets/css/images/ui-icons_444444_256x240.html]
[live.themewild.com/medion/assets/css/images/ui-icons_555555_256x240.html]
[live.themewild.com/medion/assets/css/images/ui-icons_ffffff_256x240.html]
[live.themewild.com/medion/assets/css/images/ui-icons_777620_256x240.html]
[live.themewild.com/medion/assets/css/images/ui-icons_cc0000_256x240.html]
[live.themewild.com/medion/assets/css/images/ui-icons_777777_256x240.html]
[live.themewild.com/medion/assets/img/icon/sale.svg]
[live.themewild.com/medion/assets/img/icon/rate.svg]
[live.themewild.com/medion/assets/img/icon/employee.svg]
[live.themewild.com/medion/assets/img/icon/award.svg]
[live.themewild.com/medion/assets/img/icon/account.svg]
[live.themewild.com/medion/assets/img/icon/promote.svg]
[live.themewild.com/medion/assets/img/icon/payout.svg]
[live.themewild.com/medion/assets/img/payment/paypal-2.svg]
[live.themewild.com/medion/assets/img/payment/payoneer.svg]
[live.themewild.com/medion/assets/img/payment/cod-3.svg]
[live.themewild.com/medion/assets/css/flex-slider.min.css]
[live.themewild.com/medion/assets/fonts/fa-light-300.woff2]
